bool glob(bool);
int main(->int)(){
    int a(int);
    glob(bool) = a(int);
}
